mode: set
homework9/internal/tests/ad_utils.go:30.93,38.16 3 1
homework9/internal/tests/ad_utils.go:38.16,40.3 1 0
homework9/internal/tests/ad_utils.go:42.2,43.16 2 1
homework9/internal/tests/ad_utils.go:43.16,45.3 1 0
homework9/internal/tests/ad_utils.go:47.2,51.16 4 1
homework9/internal/tests/ad_utils.go:51.16,53.3 1 1
homework9/internal/tests/ad_utils.go:55.2,55.22 1 1
homework9/internal/tests/ad_utils.go:58.100,65.16 3 1
homework9/internal/tests/ad_utils.go:65.16,67.3 1 0
homework9/internal/tests/ad_utils.go:69.2,70.16 2 1
homework9/internal/tests/ad_utils.go:70.16,72.3 1 0
homework9/internal/tests/ad_utils.go:74.2,78.16 4 1
homework9/internal/tests/ad_utils.go:78.16,80.3 1 1
homework9/internal/tests/ad_utils.go:82.2,82.22 1 1
homework9/internal/tests/ad_utils.go:85.105,93.16 3 1
homework9/internal/tests/ad_utils.go:93.16,95.3 1 0
homework9/internal/tests/ad_utils.go:97.2,98.16 2 1
homework9/internal/tests/ad_utils.go:98.16,100.3 1 0
homework9/internal/tests/ad_utils.go:102.2,106.16 4 1
homework9/internal/tests/ad_utils.go:106.16,108.3 1 1
homework9/internal/tests/ad_utils.go:110.2,110.22 1 1
homework9/internal/tests/ad_utils.go:113.53,115.16 2 1
homework9/internal/tests/ad_utils.go:115.16,117.3 1 0
homework9/internal/tests/ad_utils.go:119.2,121.16 3 1
homework9/internal/tests/ad_utils.go:121.16,123.3 1 0
homework9/internal/tests/ad_utils.go:125.2,125.22 1 1
homework9/internal/tests/ad_utils.go:128.59,133.16 3 1
homework9/internal/tests/ad_utils.go:133.16,135.3 1 0
homework9/internal/tests/ad_utils.go:136.2,137.16 2 1
homework9/internal/tests/ad_utils.go:137.16,139.3 1 0
homework9/internal/tests/ad_utils.go:140.2,142.16 3 1
homework9/internal/tests/ad_utils.go:142.16,144.3 1 0
homework9/internal/tests/ad_utils.go:145.2,145.22 1 1
homework9/internal/tests/ad_utils.go:148.70,153.16 3 1
homework9/internal/tests/ad_utils.go:153.16,155.3 1 0
homework9/internal/tests/ad_utils.go:156.2,157.16 2 1
homework9/internal/tests/ad_utils.go:157.16,159.3 1 0
homework9/internal/tests/ad_utils.go:160.2,162.16 3 1
homework9/internal/tests/ad_utils.go:162.16,164.3 1 0
homework9/internal/tests/ad_utils.go:165.2,165.22 1 1
homework9/internal/tests/ad_utils.go:168.90,170.16 2 1
homework9/internal/tests/ad_utils.go:170.16,172.3 1 0
homework9/internal/tests/ad_utils.go:173.2,174.16 2 1
homework9/internal/tests/ad_utils.go:174.16,176.3 1 0
homework9/internal/tests/ad_utils.go:177.2,180.16 4 1
homework9/internal/tests/ad_utils.go:180.16,182.3 1 0
homework9/internal/tests/ad_utils.go:183.2,183.22 1 1
homework9/internal/tests/user_utils.go:20.87,27.16 3 1
homework9/internal/tests/user_utils.go:27.16,29.3 1 0
homework9/internal/tests/user_utils.go:31.2,32.16 2 1
homework9/internal/tests/user_utils.go:32.16,34.3 1 0
homework9/internal/tests/user_utils.go:36.2,40.16 4 1
homework9/internal/tests/user_utils.go:40.16,42.3 1 0
homework9/internal/tests/user_utils.go:44.2,44.22 1 1
homework9/internal/tests/user_utils.go:47.63,52.16 3 1
homework9/internal/tests/user_utils.go:52.16,54.3 1 0
homework9/internal/tests/user_utils.go:55.2,56.16 2 1
homework9/internal/tests/user_utils.go:56.16,58.3 1 0
homework9/internal/tests/user_utils.go:59.2,61.16 3 1
homework9/internal/tests/user_utils.go:61.16,63.3 1 1
homework9/internal/tests/user_utils.go:65.2,65.22 1 1
homework9/internal/tests/user_utils.go:68.66,73.16 3 1
homework9/internal/tests/user_utils.go:73.16,75.3 1 0
homework9/internal/tests/user_utils.go:76.2,77.16 2 1
homework9/internal/tests/user_utils.go:77.16,79.3 1 0
homework9/internal/tests/user_utils.go:80.2,82.16 3 1
homework9/internal/tests/user_utils.go:82.16,84.3 1 0
homework9/internal/tests/user_utils.go:86.2,86.22 1 1
homework9/internal/tests/utils.go:26.34,36.2 4 1
homework9/internal/tests/utils.go:38.69,40.16 2 1
homework9/internal/tests/utils.go:40.16,42.3 1 0
homework9/internal/tests/utils.go:44.2,44.38 1 1
homework9/internal/tests/utils.go:44.38,45.47 1 1
homework9/internal/tests/utils.go:45.47,47.4 1 1
homework9/internal/tests/utils.go:48.3,48.46 1 1
homework9/internal/tests/utils.go:48.46,50.4 1 1
homework9/internal/tests/utils.go:51.3,51.63 1 1
homework9/internal/tests/utils.go:54.2,55.16 2 1
homework9/internal/tests/utils.go:55.16,57.3 1 0
homework9/internal/tests/utils.go:59.2,60.16 2 1
homework9/internal/tests/utils.go:60.16,62.3 1 0
homework9/internal/tests/utils.go:64.2,64.12 1 1
homework9/internal/tests/utils.go:67.78,73.16 3 1
homework9/internal/tests/utils.go:73.16,75.3 1 0
homework9/internal/tests/utils.go:77.2,78.16 2 1
homework9/internal/tests/utils.go:78.16,80.3 1 0
homework9/internal/tests/utils.go:84.2,86.16 3 1
homework9/internal/tests/utils.go:86.16,88.3 1 0
homework9/internal/tests/utils.go:90.2,90.22 1 1
